node.exe : 
Au caractère Ligne:1 : 
1
+ & "C:\Program 
Files\nodejs/node.exe" 
"C:\Program 
Files\nodejs/node_mo 
...
+ ~~~~~~~~~~~~~~~~~~~~~
~~~~~~~~~~~~~~~~~~~~~~~
~~~~~~~~~~~~~~~~~~~~~~~
~~
    + CategoryInfo     
         : NotSpecifi  
  ed: (:String) [],    
 RemoteException
    + FullyQualifiedEr 
   rorId : NativeComm  
  andError
 
Rebuilding...
CssSyntaxError: 
tailwindcss: D:\Taf\pa_
fructueux\formFlow\fron
tend\app\globals.css:1:
1: The 
`outline-ring/50` 
class does not exist. 
If `outline-ring/50` 
is a custom class, 
make sure it is 
defined within a 
`@layer` directive.
    at Input.error (D:\
Taf\pa_fructueux\formFl
ow\frontend\node_module
s\.pnpm\postcss@8.5.8\n
ode_modules\postcss\lib
\input.js:135:16)
    at AtRule.error (D:
\Taf\pa_fructueux\formF
low\frontend\node_modul
es\.pnpm\postcss@8.5.8\
node_modules\postcss\li
b\node.js:146:32)
    at processApply (D:
\Taf\pa_fructueux\formF
low\frontend\node_modul
es\.pnpm\tailwindcss@3.
4.19\node_modules\tailw
indcss\lib\lib\expandAp
plyAtRules.js:380:29)
    at D:\Taf\pa_fructu
eux\formFlow\frontend\n
ode_modules\.pnpm\tailw
indcss@3.4.19\node_modu
les\tailwindcss\lib\lib
\expandApplyAtRules.js:
551:9
    at D:\Taf\pa_fructu
eux\formFlow\frontend\n
ode_modules\.pnpm\tailw
indcss@3.4.19\node_modu
les\tailwindcss\lib\pro
cessTailwindFeatures.js
:55:50
    at async 
Object.Once (D:\Taf\pa_
fructueux\formFlow\fron
tend\node_modules\.pnpm
\tailwindcss@3.4.19\nod
e_modules\tailwindcss\l
ib\cli\build\plugin.js:
248:17)
    at async 
LazyResult.runAsync (D:
\Taf\pa_fructueux\formF
low\frontend\node_modul
es\.pnpm\postcss@8.5.8\
node_modules\postcss\li
b\lazy-result.js:293:11
)
    at async build (D:\
Taf\pa_fructueux\formFl
ow\frontend\node_module
s\.pnpm\tailwindcss@3.4
.19\node_modules\tailwi
ndcss\lib\cli\build\ind
ex.js:49:9) {
  reason: 'The 
`outline-ring/50` 
class does not exist. 
If `outline-ring/50` 
is a custom class, 
make sure it is 
defined within a 
`@layer` directive.',
  file: 'D:\\Taf\\pa_fr
uctueux\\formFlow\\fron
tend\\app\\globals.css'
,
  source: '@tailwind 
base;\r\n' +
    '@tailwind 
components;\r\n' +
    '@tailwind 
utilities;\r\n' +
    '\r\n' +
    '@layer base 
{\r\n' +
    '  :root {\r\n' +
    '    --background: 
oklch(0.99 0.002 
270);\r\n' +
    '    --foreground: 
oklch(0.15 0.02 
270);\r\n' +
    '    --card: 
oklch(1 0 0);\r\n' +
    '    
--card-foreground: 
oklch(0.15 0.02 
270);\r\n' +
    '    --popover: 
oklch(1 0 0);\r\n' +
    '    
--popover-foreground: 
oklch(0.15 0.02 
270);\r\n' +
    '    --primary: 
oklch(0.55 0.22 
265);\r\n' +
    '    
--primary-foreground: 
oklch(0.99 0 0);\r\n' +
    '    --secondary: 
oklch(0.96 0.02 
270);\r\n' +
    '    --secondary-fo
reground: oklch(0.25 
0.02 270);\r\n' +
    '    --muted: 
oklch(0.96 0.01 
270);\r\n' +
    '    
--muted-foreground: 
oklch(0.5 0.02 
270);\r\n' +
    '    --accent: 
oklch(0.65 0.25 
290);\r\n' +
    '    
--accent-foreground: 
oklch(0.99 0 0);\r\n' +
    '    
--destructive: 
oklch(0.58 0.22 
25);\r\n' +
    '    --border: 
oklch(0.92 0.01 
270);\r\n' +
    '    --input: 
oklch(0.92 0.01 
270);\r\n' +
    '    --ring: 
oklch(0.55 0.22 
265);\r\n' +
    '    --chart-1: 
oklch(0.65 0.25 
265);\r\n' +
    '    --chart-2: 
oklch(0.60 0.25 
290);\r\n' +
    '    --chart-3: 
oklch(0.55 0.20 
310);\r\n' +
    '    --chart-4: 
oklch(0.70 0.15 
200);\r\n' +
    '    --chart-5: 
oklch(0.75 0.12 
150);\r\n' +
    '    --radius: 
0.75rem;\r\n' +
    '    --sidebar: 
oklch(0.98 0.01 
270);\r\n' +
    '    
--sidebar-foreground: 
oklch(0.15 0.02 
270);\r\n' +
    '    
--sidebar-primary: 
oklch(0.55 0.22 
265);\r\n' +
    '    --sidebar-prim
ary-foreground: 
oklch(0.99 0 0);\r\n' +
    '    
--sidebar-accent: 
oklch(0.96 0.02 
270);\r\n' +
    '    --sidebar-acce
nt-foreground: 
oklch(0.25 0.02 
270);\r\n' +
    '    
--sidebar-border: 
oklch(0.92 0.01 
270);\r\n' +
    '    
--sidebar-ring: 
oklch(0.55 0.22 
265);\r\n' +
    '  }\r\n' +
    '\r\n' +
    '  .dark {\r\n' +
    '    --background: 
oklch(0.12 0.02 
270);\r\n' +
    '    --foreground: 
oklch(0.95 0.01 
270);\r\n' +
    '    --card: 
oklch(0.17 0.02 
270);\r\n' +
    '    
--card-foreground: 
oklch(0.95 0.01 
270);\r\n' +
    '    --popover: 
oklch(0.17 0.02 
270);\r\n' +
    '    
--popover-foreground: 
oklch(0.95 0.01 
270);\r\n' +
    '    --primary: 
oklch(0.70 0.20 
265);\r\n' +
    '    
--primary-foreground: 
oklch(0.12 0.02 
270);\r\n' +
    '    --secondary: 
oklch(0.22 0.02 
270);\r\n' +
    '    --secondary-fo
reground: oklch(0.95 
0.01 270);\r\n' +
    '    --muted: 
oklch(0.22 0.02 
270);\r\n' +
    '    
--muted-foreground: 
oklch(0.65 0.02 
270);\r\n' +
    '    --accent: 
oklch(0.75 0.22 
290);\r\n' +
    '    
--accent-foreground: 
oklch(0.12 0.02 
270);\r\n' +
    '    
--destructive: 
oklch(0.65 0.22 
25);\r\n' +
    '    --border: 
oklch(0.25 0.02 
270);\r\n' +
    '    --input: 
oklch(0.25 0.02 
270);\r\n' +
    '    --ring: 
oklch(0.70 0.20 
265);\r\n' +
    '    --chart-1: 
oklch(0.70 0.22 
265);\r\n' +
    '    --chart-2: 
oklch(0.65 0.22 
290);\r\n' +
    '    --chart-3: 
oklch(0.60 0.18 
310);\r\n' +
    '    --chart-4: 
oklch(0.75 0.15 
200);\r\n' +
    '    --chart-5: 
oklch(0.80 0.12 
150);\r\n' +
    '    --sidebar: 
oklch(0.15 0.02 
270);\r\n' +
    '    
--sidebar-foreground: 
oklch(0.95 0.01 
270);\r\n' +
    '    
--sidebar-primary: 
oklch(0.70 0.20 
265);\r\n' +
    '    --sidebar-prim
ary-foreground: 
oklch(0.12 0.02 
270);\r\n' +
    '    
--sidebar-accent: 
oklch(0.22 0.02 
270);\r\n' +
    '    --sidebar-acce
nt-foreground: 
oklch(0.95 0.01 
270);\r\n' +
    '    
--sidebar-border: 
oklch(0.25 0.02 
270);\r\n' +
    '    
--sidebar-ring: 
oklch(0.70 0.20 
265);\r\n' +
    '  }\r\n' +
    '\r\n' +
    '  .theme {\r\n' +
    '    --font-sans: 
var(--font-sans)\r\n' +
    '  }\r\n' +
    '\r\n' +
    '  * {\r\n' +
    '    @apply 
border-border 
outline-ring/50;\r\n' +
    '  }\r\n' +
    '\r\n' +
    '  body {\r\n' +
    '    @apply 
bg-background 
text-foreground 
antialiased;\r\n' +
    '  }\r\n' +
    '\r\n' +
    '  html {\r\n' +
    '    @apply 
font-sans 
scroll-smooth;\r\n' +
    '  }\r\n' +
    '}\r\n' +
    '\r\n' +
    '/* Custom 
scrollbar */\r\n' +
    '.scrollbar-thin::-
webkit-scrollbar 
{\r\n' +
    '  width: 
6px;\r\n' +
    '}\r\n' +
    '\r\n' +
    '.scrollbar-thin::-
webkit-scrollbar-track 
{\r\n' +
    '  background: 
transparent;\r\n' +
    '}\r\n' +
    '\r\n' +
    '.scrollbar-thin::-
webkit-scrollbar-thumb 
{\r\n' +
    '  background: hsl(
var(--muted-foreground)
 / 0.2);\r\n' +
    '  border-radius: 
3px;\r\n' +
    '}\r\n' +
    '\r\n' +
    '.scrollbar-thin::-
webkit-scrollbar-thumb:
hover {\r\n' +
    '  background: hsl(
var(--muted-foreground)
 / 0.35);\r\n' +
    '}\r\n' +
    '\r\n' +
    '/* Selection 
*/\r\n' +
    '::selection 
{\r\n' +
    '  background: 
oklch(0.55 0.22 265 / 
0.25);\r\n' +
    '  color: 
inherit;\r\n' +
    '}\r\n' +
    '\r\n' +
    '/* Smooth focus 
outlines */\r\n' +
    ':focus-visible 
{\r\n' +
    '  outline-offset: 
2px;\r\n' +
    '  transition: 
outline-offset 0.1s 
ease;\r\n' +
    '}',
  line: 1,
  column: 1,
  endLine: 1,
  endColumn: 16,
  input: {
    column: 1,
    endColumn: 16,
    endLine: 1,
    endOffset: 15,
    line: 1,
    offset: 0,
    source: '@tailwind 
base;\r\n' +
      '@tailwind 
components;\r\n' +
      '@tailwind 
utilities;\r\n' +
      '\r\n' +
      '@layer base 
{\r\n' +
      '  :root {\r\n' +
      '    
--background: 
oklch(0.99 0.002 
270);\r\n' +
      '    
--foreground: 
oklch(0.15 0.02 
270);\r\n' +
      '    --card: 
oklch(1 0 0);\r\n' +
      '    
--card-foreground: 
oklch(0.15 0.02 
270);\r\n' +
      '    --popover: 
oklch(1 0 0);\r\n' +
      '    
--popover-foreground: 
oklch(0.15 0.02 
270);\r\n' +
      '    --primary: 
oklch(0.55 0.22 
265);\r\n' +
      '    
--primary-foreground: 
oklch(0.99 0 0);\r\n' +
      '    
--secondary: 
oklch(0.96 0.02 
270);\r\n' +
      '    --secondary-
foreground: oklch(0.25 
0.02 270);\r\n' +
      '    --muted: 
oklch(0.96 0.01 
270);\r\n' +
      '    
--muted-foreground: 
oklch(0.5 0.02 
270);\r\n' +
      '    --accent: 
oklch(0.65 0.25 
290);\r\n' +
      '    
--accent-foreground: 
oklch(0.99 0 0);\r\n' +
      '    
--destructive: 
oklch(0.58 0.22 
25);\r\n' +
      '    --border: 
oklch(0.92 0.01 
270);\r\n' +
      '    --input: 
oklch(0.92 0.01 
270);\r\n' +
      '    --ring: 
oklch(0.55 0.22 
265);\r\n' +
      '    --chart-1: 
oklch(0.65 0.25 
265);\r\n' +
      '    --chart-2: 
oklch(0.60 0.25 
290);\r\n' +
      '    --chart-3: 
oklch(0.55 0.20 
310);\r\n' +
      '    --chart-4: 
oklch(0.70 0.15 
200);\r\n' +
      '    --chart-5: 
oklch(0.75 0.12 
150);\r\n' +
      '    --radius: 
0.75rem;\r\n' +
      '    --sidebar: 
oklch(0.98 0.01 
270);\r\n' +
      '    
--sidebar-foreground: 
oklch(0.15 0.02 
270);\r\n' +
      '    
--sidebar-primary: 
oklch(0.55 0.22 
265);\r\n' +
      '    --sidebar-pr
imary-foreground: 
oklch(0.99 0 0);\r\n' +
      '    
--sidebar-accent: 
oklch(0.96 0.02 
270);\r\n' +
      '    --sidebar-ac
cent-foreground: 
oklch(0.25 0.02 
270);\r\n' +
      '    
--sidebar-border: 
oklch(0.92 0.01 
270);\r\n' +
      '    
--sidebar-ring: 
oklch(0.55 0.22 
265);\r\n' +
      '  }\r\n' +
      '\r\n' +
      '  .dark {\r\n' +
      '    
--background: 
oklch(0.12 0.02 
270);\r\n' +
      '    
--foreground: 
oklch(0.95 0.01 
270);\r\n' +
      '    --card: 
oklch(0.17 0.02 
270);\r\n' +
      '    
--card-foreground: 
oklch(0.95 0.01 
270);\r\n' +
      '    --popover: 
oklch(0.17 0.02 
270);\r\n' +
      '    
--popover-foreground: 
oklch(0.95 0.01 
270);\r\n' +
      '    --primary: 
oklch(0.70 0.20 
265);\r\n' +
      '    
--primary-foreground: 
oklch(0.12 0.02 
270);\r\n' +
      '    
--secondary: 
oklch(0.22 0.02 
270);\r\n' +
      '    --secondary-
foreground: oklch(0.95 
0.01 270);\r\n' +
      '    --muted: 
oklch(0.22 0.02 
270);\r\n' +
      '    
--muted-foreground: 
oklch(0.65 0.02 
270);\r\n' +
      '    --accent: 
oklch(0.75 0.22 
290);\r\n' +
      '    
--accent-foreground: 
oklch(0.12 0.02 
270);\r\n' +
      '    
--destructive: 
oklch(0.65 0.22 
25);\r\n' +
      '    --border: 
oklch(0.25 0.02 
270);\r\n' +
      '    --input: 
oklch(0.25 0.02 
270);\r\n' +
      '    --ring: 
oklch(0.70 0.20 
265);\r\n' +
      '    --chart-1: 
oklch(0.70 0.22 
265);\r\n' +
      '    --chart-2: 
oklch(0.65 0.22 
290);\r\n' +
      '    --chart-3: 
oklch(0.60 0.18 
310);\r\n' +
      '    --chart-4: 
oklch(0.75 0.15 
200);\r\n' +
      '    --chart-5: 
oklch(0.80 0.12 
150);\r\n' +
      '    --sidebar: 
oklch(0.15 0.02 
270);\r\n' +
      '    
--sidebar-foreground: 
oklch(0.95 0.01 
270);\r\n' +
      '    
--sidebar-primary: 
oklch(0.70 0.20 
265);\r\n' +
      '    --sidebar-pr
imary-foreground: 
oklch(0.12 0.02 
270);\r\n' +
      '    
--sidebar-accent: 
oklch(0.22 0.02 
270);\r\n' +
      '    --sidebar-ac
cent-foreground: 
oklch(0.95 0.01 
270);\r\n' +
      '    
--sidebar-border: 
oklch(0.25 0.02 
270);\r\n' +
      '    
--sidebar-ring: 
oklch(0.70 0.20 
265);\r\n' +
      '  }\r\n' +
      '\r\n' +
      '  .theme {\r\n' 
+
      '    
--font-sans: 
var(--font-sans)\r\n' +
      '  }\r\n' +
      '\r\n' +
      '  * {\r\n' +
      '    @apply 
border-border 
outline-ring/50;\r\n' +
      '  }\r\n' +
      '\r\n' +
      '  body {\r\n' +
      '    @apply 
bg-background 
text-foreground 
antialiased;\r\n' +
      '  }\r\n' +
      '\r\n' +
      '  html {\r\n' +
      '    @apply 
font-sans 
scroll-smooth;\r\n' +
      '  }\r\n' +
      '}\r\n' +
      '\r\n' +
      '/* Custom 
scrollbar */\r\n' +
      '.scrollbar-thin:
:-webkit-scrollbar 
{\r\n' +
      '  width: 
6px;\r\n' +
      '}\r\n' +
      '\r\n' +
      '.scrollbar-thin:
:-webkit-scrollbar-trac
k {\r\n' +
      '  background: 
transparent;\r\n' +
      '}\r\n' +
      '\r\n' +
      '.scrollbar-thin:
:-webkit-scrollbar-thum
b {\r\n' +
      '  background: hs
l(var(--muted-foregroun
d) / 0.2);\r\n' +
      '  
border-radius: 
3px;\r\n' +
      '}\r\n' +
      '\r\n' +
      '.scrollbar-thin:
:-webkit-scrollbar-thum
b:hover {\r\n' +
      '  background: hs
l(var(--muted-foregroun
d) / 0.35);\r\n' +
      '}\r\n' +
      '\r\n' +
      '/* Selection 
*/\r\n' +
      '::selection 
{\r\n' +
      '  background: 
oklch(0.55 0.22 265 / 
0.25);\r\n' +
      '  color: 
inherit;\r\n' +
      '}\r\n' +
      '\r\n' +
      '/* Smooth focus 
outlines */\r\n' +
      ':focus-visible 
{\r\n' +
      '  
outline-offset: 
2px;\r\n' +
      '  transition: 
outline-offset 0.1s 
ease;\r\n' +
      '}',
    url: 'file:///D:/Ta
f/pa_fructueux/formFlow
/frontend/app/globals.c
ss',
    file: 'D:\\Taf\\pa_
fructueux\\formFlow\\fr
ontend\\app\\globals.cs
s'
  },
  plugin: 'tailwindcss'
}
